=== QUIC Resilience Concurrency Tests ===

test_concurrent_bidirectional_streams: PASS
test_concurrent_connections_on_one_listener: PASS
test_read_returns_at_most_max_bytes: PASS
test_read_exact_returns_exact_bytes: PASS
test_write_during_peer_abrupt_drop: PASS
test_resumption_token_round_trip: PASS
test_serve_handler_receives_multiple_streams: PASS
test_remote_address_after_close_is_safe: PASS
test_stream_close_then_read_returns_buffered_data: PASS
test_connection_churn_with_streams: PASS

All QUIC resilience concurrency tests passed!
